# serializer version: 1
# name: test_legacy_report_matches_golden_snapshot
  '''
  ==========================================
  GITGUD MAJOR CD ANALYSIS
  ==========================================
  **Player:** Zarad
  **Boss:** Fallen-King Salhadaar
  **Spec:** Demonology Warlock
  **Reference:** 32 logs | Parse méd: 99 (min 99 - max 99) | Duração: 5m16s - 6m08s
  ==========================================
  
  🔥 **OFFENSIVE MAJOR CDS**
  ------------------------------------------
  
  **Grimoire: Imp Lord** (CD: 122s | Pres: 90%)
  ------------------------------
  Uso #1 | Player: 126.0s | Ideal: 124.8s | Delta: +1.2s 🟢
  Uso #2 | Player: 249.3s | Ideal: 248.0s | Delta: +1.3s 🟢
  
  ⚡ **MINOR CDS / BURST UTILITIES**
  ------------------------------------------
  
  **Call Dreadstalkers** (CD: 20s | Pres: 100%)
  ------------------------------
  Uso #1 | Player: 1.3s | Ideal: 0.8s | Delta: +0.5s 🟢
  Uso #2 | Player: 22.2s | Ideal: 21.7s | Delta: +0.5s 🟢
  Uso #3 | Player: 43.1s | Ideal: 42.8s | Delta: +0.4s 🟢
  Uso #4 | Player: 63.2s | Ideal: 63.0s | Delta: +0.2s 🟢
  Uso #5 | Player: 83.7s | Ideal: 84.3s | Delta: -0.6s 🟢
  Uso #6 | Player: 105.1s | Ideal: 105.6s | Delta: -0.5s 🟢
  Uso #7 | Player: 128.6s | Ideal: 127.4s | Delta: +1.2s 🟢
  Uso #8 | Player: 149.7s | Ideal: 149.1s | Delta: +0.6s 🟢
  Uso #9 | Player: 170.0s | Ideal: 169.7s | Delta: +0.3s 🟢
  Uso #10 | Player: 190.8s | Ideal: 190.1s | Delta: +0.7s 🟢
  Uso #11 | Player: 212.1s | Ideal: 211.1s | Delta: +1.0s 🟢
  Uso #12 | Player: 233.3s | Ideal: 231.3s | Delta: +2.0s 🟢
  Uso #13 | Player: 253.4s | Ideal: 252.7s | Delta: +0.7s 🟢
  Uso #14 | Player: 274.3s | Ideal: 272.9s | Delta: +1.4s 🟢
  Uso #15 | Player: 294.4s | Ideal: 294.5s | Delta: -0.1s 🟢
  Uso #16 | Player: 314.5s | Ideal: 313.9s | Delta: +0.6s 🟢
  Uso #17 | Player: 335.0s | Ideal: 334.3s | Delta: +0.7s 🟢
  
  **Summon Demonic Tyrant** (CD: 62s | Pres: 100%)
  ------------------------------
  Uso #1 | Player: 3.6s | Ideal: 3.0s | Delta: +0.6s 🟢
  Uso #2 | Player: 65.9s | Ideal: 65.2s | Delta: +0.7s 🟢
  Uso #3 | Player: 131.3s | Ideal: 128.9s | Delta: +2.4s 🟢
  Uso #4 | Player: 193.4s | Ideal: 190.5s | Delta: +2.9s 🟢
  Uso #5 | Player: 256.1s | Ideal: 253.0s | Delta: +3.1s 🟢
  Uso #6 | Player: 318.4s | Ideal: 315.6s | Delta: +2.8s 🟢
  
  **Dark Pact** (CD: 61s | Pres: 84%)
  ------------------------------
  Uso #1 | Player: 31.3s | Ideal: 51.5s | Delta: -20.2s 🟡
  Uso #2 | Player: 99.5s | Ideal: 51.5s | Delta: +48.0s 🔴
  
  ==========================================
  '''
# ---
