# serializer version: 1
# name: test_legacy_report_matches_golden_snapshot
  '''
  ==========================================
  GITGUD MAJOR CD ANALYSIS
  ==========================================
  **Player:** Zarad
  **Boss:** Fallen-King Salhadaar
  **Spec:** Demonology Warlock
  **Reference:** 2 logs | Parse méd: 99 (min 99 - max 99) | Duração: 5m55s - 5m55s
  ==========================================
  
  🔥 **OFFENSIVE MAJOR CDS**
  ------------------------------------------
  
  **Grimoire: Imp Lord** (CD: 123s | Pres: 100%)
  ------------------------------
  Uso #1 | Player: 126.0s | Ideal: 128.0s | Delta: -2.0s 🟢
  Uso #2 | Player: 249.3s | Ideal: 251.2s | Delta: -1.9s 🟢
  
  **Unending Resolve** (CD: 148s | Pres: 100%)
  ------------------------------
  Uso #1 | Player: 338.1s | Ideal: 148.7s | Delta: +189.4s 🔴
  
  ⚡ **MINOR CDS / BURST UTILITIES**
  ------------------------------------------
  
  **Call Dreadstalkers** (CD: 20s | Pres: 100%)
  ------------------------------
  Uso #1 | Player: 1.3s | Ideal: 1.1s | Delta: +0.2s 🟢
  Uso #2 | Player: 22.2s | Ideal: 22.4s | Delta: -0.2s 🟢
  Uso #3 | Player: 43.1s | Ideal: 44.2s | Delta: -1.1s 🟢
  Uso #4 | Player: 63.2s | Ideal: 65.2s | Delta: -2.0s 🟢
  Uso #5 | Player: 83.7s | Ideal: 86.6s | Delta: -2.9s 🟢
  Uso #6 | Player: 105.1s | Ideal: 107.1s | Delta: -2.0s 🟢
  Uso #7 | Player: 128.6s | Ideal: 126.7s | Delta: +1.9s 🟢
  Uso #8 | Player: 149.7s | Ideal: 146.9s | Delta: +2.8s 🟢
  Uso #9 | Player: 170.0s | Ideal: 168.1s | Delta: +1.9s 🟢
  Uso #10 | Player: 190.8s | Ideal: 188.5s | Delta: +2.3s 🟢
  Uso #11 | Player: 212.1s | Ideal: 209.8s | Delta: +2.3s 🟢
  Uso #12 | Player: 233.3s | Ideal: 229.9s | Delta: +3.4s 🟢
  Uso #13 | Player: 253.4s | Ideal: 249.9s | Delta: +3.5s 🟢
  Uso #14 | Player: 274.3s | Ideal: 270.9s | Delta: +3.4s 🟢
  Uso #15 | Player: 294.4s | Ideal: 291.9s | Delta: +2.5s 🟢
  Uso #16 | Player: 314.5s | Ideal: 312.1s | Delta: +2.4s 🟢
  Uso #17 | Player: 335.0s | Ideal: 333.1s | Delta: +1.9s 🟢
  
  **Summon Demonic Tyrant** (CD: 66s | Pres: 100%)
  ------------------------------
  Uso #1 | Player: 3.6s | Ideal: 6.8s | Delta: -3.2s 🟢
  Uso #2 | Player: 65.9s | Ideal: 73.2s | Delta: -7.3s 🟢
  Uso #3 | Player: 131.3s | Ideal: 132.6s | Delta: -1.3s 🟢
  Uso #4 | Player: 193.4s | Ideal: 200.7s | Delta: -7.3s 🟢
  Uso #5 | Player: 256.1s | Ideal: 277.8s | Delta: -21.7s 🟡
  Uso #6 | Player: 318.4s | Ideal: 339.6s | Delta: -21.2s 🟡
  
  **Dark Pact** (CD: 91s | Pres: 100%)
  ------------------------------
  Uso #1 | Player: 31.3s | Ideal: 50.5s | Delta: -19.2s 🟡
  Uso #2 | Player: 99.5s | Ideal: 99.5s | Delta: 0.0s 🟢
  
  **Mortal Coil** (CD: 113s | Pres: 100%)
  ------------------------------
  Uso #1 | Player: 109.1s | Ideal: 96.5s | Delta: +12.5s 🟡
  Uso #2 | Player: 177.7s | Ideal: 204.9s | Delta: -27.2s 🔴
  
  **Soulburn** (CD: 74s | Pres: 100%)
  ------------------------------
  Uso #1 | Player: 229.7s | Ideal: 222.7s | Delta: +7.0s 🟢
  Uso #2 | Player: 339.8s | Ideal: 324.7s | Delta: +15.1s 🟡
  
  ==========================================
  '''
# ---
