# serializer version: 1
# name: test_new_pipeline_report_matches_golden_snapshot
  '''
  ==========================================
  GITGUD MAJOR CD ANALYSIS
  ==========================================
  **Player:** Zarad
  **Boss:** Fallen-King Salhadaar
  **Spec:** Demonology Warlock
  **DPS:** 108,297 (percentil: 57)
  **Referência:** 3 logs | DPS mediano: 114,605 | Duração: 3m54s - 5m55s
  ⚠️ Amostra pequena (10 logs). Trate os desvios como indicativos, não conclusivos.
  ⚠️ Apenas 3 logs com duração próxima à sua (±12%) para comparar o timing dos cooldowns — os valores 'Ideal' têm confiança baixa.
  ==========================================
  
  ⛔ **USOS PERDIDOS**
  ------------------------------------------
  **Call Dreadstalkers**: 1 uso(s) perdido(s) — esperado(s) aos 354.3s
  **Implosion**: 4 uso(s) perdido(s) — esperado(s) aos 66.5s, 109.2s, 189.8s, 289.8s
  **Spell #434506**: 1 uso(s) perdido(s) — esperado(s) aos 337.0s
  **Ruination**: 1 uso(s) perdido(s) — esperado(s) aos 265.1s
  **Grimoire: Imp Lord**: 1 uso(s) perdido(s) — esperado(s) aos 5.3s
  **Spell #452930**: 1 uso(s) perdido(s) — esperado(s) aos 99.0s
  **Unending Resolve**: 2 uso(s) perdido(s) — esperado(s) aos 95.2s, 278.7s
  **Dark Pact**: 2 uso(s) perdido(s) — esperado(s) aos 240.1s, 324.6s
  **Mortal Coil**: 1 uso(s) perdido(s) — esperado(s) aos 324.4s
  **Burning Rush**: 7 uso(s) perdido(s) — esperado(s) aos 71.5s, 96.2s, 104.9s, 121.0s, 147.6s, 202.7s, 220.8s
  **Soulburn**: 2 uso(s) perdido(s) — esperado(s) aos 101.6s, 152.6s
  
  🔥 **OFFENSIVE MAJOR CDS**
  ------------------------------------------
  
  **Grimoire: Imp Lord** (Tipo: MAJOR | Pres: 100%)
  Usos: 2 (coorte: 2.9)
  ------------------------------
  Uso #1 | Esperado ~5.3s | NÃO USADO ⛔
  Uso #2 | Player: 126.0s | Ideal: 135.3s | Delta: -9.3s 🟢
  Uso #3 | Player: 249.3s | Ideal: 258.4s | Delta: -9.1s 🟢
  
  **Spell #452930** (Tipo: MAJOR | Pres: 90%)
  Usos: 2 (coorte: 1.1)
  ------------------------------
  Uso #1 | Esperado ~99.0s | NÃO USADO ⛔
  Uso #2 | Player: 229.7s | Ideal: 205.5s | Delta: +24.2s 🟡
  Uso #3 | Player: 339.8s | Ideal: 324.7s | Delta: +15.1s 🟡
  
  **Spell #1250508** (Tipo: MAJOR | Pres: 90%)
  Usos: 3 (coorte: 2.2)
  ------------------------------
  Uso #1 | Player: 4.7s | Ideal: 12.8s | Delta: -8.1s 🟢
  Uso #2 | Player: 131.3s | Ideal: 141.9s | Delta: -10.6s 🟡
  Uso #3 | Player: 256.2s | Ideal: 279.1s | Delta: -22.9s 🟡
  
  **Unending Resolve** (Tipo: MAJOR | Pres: 80%)
  Usos: 1 (coorte: 1.0)
  ------------------------------
  Uso #1 | Player: 338.1s | Uso extra
  Uso #2 | Esperado ~95.2s | NÃO USADO ⛔
  Uso #3 | Esperado ~278.7s | NÃO USADO ⛔
  
  **Mortal Coil** (Tipo: MAJOR | Pres: 70%)
  Usos: 2 (coorte: 1.1)
  ------------------------------
  Uso #1 | Player: 109.1s | Ideal: 115.8s | Delta: -6.7s 🟢
  Uso #2 | Player: 177.7s | Ideal: 204.9s | Delta: -27.2s 🔴
  Uso #3 | Esperado ~324.4s | NÃO USADO ⛔
  
  **Spell #1236616** (Tipo: MAJOR | Pres: 70%)
  Usos: 2 (coorte: 1.0)
  ------------------------------
  Uso #1 | Player: 4.7s | Ideal: 11.5s | Delta: -6.8s 🟢
  Uso #2 | Player: 319.9s | Uso extra
  
  ⚡ **MINOR CDS / BURST UTILITIES**
  ------------------------------------------
  
  **Call Dreadstalkers** (Tipo: MINOR | Pres: 100%)
  Usos: 17 (coorte: 16.6)
  ------------------------------
  Uso #1 | Player: 1.3s | Ideal: 2.0s | Delta: -0.7s 🟢
  Uso #2 | Player: 22.2s | Ideal: 22.5s | Delta: -0.3s 🟢
  Uso #3 | Player: 43.1s | Ideal: 44.6s | Delta: -1.5s 🟢
  Uso #4 | Player: 63.2s | Ideal: 65.2s | Delta: -2.0s 🟢
  Uso #5 | Player: 83.7s | Ideal: 86.9s | Delta: -3.2s 🟢
  Uso #6 | Player: 105.1s | Ideal: 107.4s | Delta: -2.3s 🟢
  Uso #7 | Player: 128.6s | Ideal: 127.3s | Delta: +1.2s 🟢
  Uso #8 | Player: 149.7s | Ideal: 149.3s | Delta: +0.4s 🟢
  Uso #9 | Player: 170.0s | Ideal: 171.8s | Delta: -1.8s 🟢
  Uso #10 | Player: 190.8s | Ideal: 192.5s | Delta: -1.7s 🟢
  Uso #11 | Player: 212.1s | Ideal: 214.4s | Delta: -2.3s 🟢
  Uso #12 | Player: 233.3s | Ideal: 235.6s | Delta: -2.3s 🟢
  Uso #13 | Player: 253.4s | Ideal: 256.0s | Delta: -2.6s 🟢
  Uso #14 | Player: 274.3s | Ideal: 276.5s | Delta: -2.2s 🟢
  Uso #15 | Player: 294.4s | Ideal: 297.7s | Delta: -3.3s 🟢
  Uso #16 | Player: 314.5s | Ideal: 312.1s | Delta: +2.4s 🟢
  Uso #17 | Player: 335.0s | Ideal: 333.1s | Delta: +1.9s 🟢
  Uso #18 | Esperado ~354.3s | NÃO USADO ⛔
  
  **Implosion** (Tipo: MINOR | Pres: 100%)
  Usos: 17 (coorte: 5.5)
  ------------------------------
  Uso #1 | Player: 10.1s | Ideal: 10.5s | Delta: -0.4s 🟢
  Uso #2 | Player: 27.6s | Ideal: 33.7s | Delta: -6.1s 🟢
  Uso #3 | Player: 44.5s | Ideal: 49.7s | Delta: -5.2s 🟢
  Uso #4 | Esperado ~66.5s | NÃO USADO ⛔
  Uso #5 | Player: 78.0s | Ideal: 82.1s | Delta: -4.1s 🟢
  Uso #6 | Player: 94.3s | Ideal: 94.1s | Delta: +0.2s 🟢
  Uso #7 | Esperado ~109.2s | NÃO USADO ⛔
  Uso #8 | Player: 121.9s | Ideal: 124.4s | Delta: -2.5s 🟢
  Uso #9 | Player: 138.0s | Ideal: 140.4s | Delta: -2.4s 🟢
  Uso #10 | Player: 153.6s | Ideal: 158.7s | Delta: -5.1s 🟢
  Uso #11 | Player: 176.4s | Ideal: 174.4s | Delta: +2.0s 🟢
  Uso #12 | Esperado ~189.8s | NÃO USADO ⛔
  Uso #13 | Player: 200.7s | Ideal: 206.2s | Delta: -5.5s 🟢
  Uso #14 | Player: 216.1s | Ideal: 226.5s | Delta: -10.4s 🟡
  Uso #15 | Player: 234.6s | Ideal: 241.7s | Delta: -7.1s 🟢
  Uso #16 | Player: 260.7s | Ideal: 257.8s | Delta: +2.9s 🟢
  Uso #17 | Player: 280.8s | Ideal: 274.6s | Delta: +6.2s 🟢
  Uso #18 | Esperado ~289.8s | NÃO USADO ⛔
  Uso #19 | Player: 305.0s | Ideal: 305.6s | Delta: -0.6s 🟢
  Uso #20 | Player: 323.4s | Ideal: 321.7s | Delta: +1.7s 🟢
  Uso #21 | Player: 342.9s | Ideal: 337.0s | Delta: +5.9s 🟢
  
  **Summon Demonic Tyrant** (Tipo: MINOR | Pres: 100%)
  Usos: 6 (coorte: 4.4)
  ------------------------------
  Uso #1 | Player: 3.6s | Ideal: 8.6s | Delta: -5.0s 🟢
  Uso #2 | Player: 65.9s | Ideal: 77.3s | Delta: -11.4s 🟡
  Uso #3 | Player: 131.3s | Ideal: 140.6s | Delta: -9.2s 🟢
  Uso #4 | Player: 193.4s | Ideal: 226.2s | Delta: -32.8s 🔴
  Uso #5 | Player: 256.1s | Ideal: 277.8s | Delta: -21.7s 🟡
  Uso #6 | Player: 318.4s | Ideal: 339.6s | Delta: -21.2s 🟡
  
  **Spell #434506** (Tipo: MINOR | Pres: 100%)
  Usos: 8 (coorte: 6.6)
  ------------------------------
  Uso #1 | Player: 26.2s | Ideal: 29.1s | Delta: -2.9s 🟢
  Uso #2 | Player: 74.1s | Ideal: 67.7s | Delta: +6.4s 🟢
  Uso #3 | Player: 115.8s | Ideal: 118.3s | Delta: -2.5s 🟢
  Uso #4 | Player: 140.2s | Ideal: 161.9s | Delta: -21.8s 🟡
  Uso #5 | Player: 190.4s | Ideal: 206.9s | Delta: -16.5s 🟡
  Uso #6 | Player: 226.7s | Ideal: 253.8s | Delta: -27.2s 🔴
  Uso #7 | Player: 267.5s | Ideal: 255.1s | Delta: +12.4s 🟡
  Uso #8 | Player: 299.7s | Ideal: 295.4s | Delta: +4.3s 🟢
  Uso #9 | Esperado ~337.0s | NÃO USADO ⛔
  
  **Ruination** (Tipo: MINOR | Pres: 100%)
  Usos: 7 (coorte: 6.6)
  ------------------------------
  Uso #1 | Player: 36.4s | Ideal: 37.0s | Delta: -0.6s 🟢
  Uso #2 | Player: 76.8s | Ideal: 80.8s | Delta: -4.0s 🟢
  Uso #3 | Player: 117.1s | Ideal: 135.1s | Delta: -18.0s 🟡
  Uso #4 | Player: 152.1s | Ideal: 173.2s | Delta: -21.1s 🟡
  Uso #5 | Player: 241.2s | Ideal: 223.8s | Delta: +17.4s 🟡
  Uso #6 | Esperado ~265.1s | NÃO USADO ⛔
  Uso #7 | Player: 274.3s | Ideal: 270.8s | Delta: +3.5s 🟢
  Uso #8 | Player: 312.9s | Ideal: 304.3s | Delta: +8.6s 🟢
  
  **Dark Pact** (Tipo: MINOR | Pres: 80%)
  Usos: 2 (coorte: 3.3)
  ------------------------------
  Uso #1 | Player: 31.3s | Ideal: 48.4s | Delta: -17.1s 🟡
  Uso #2 | Player: 99.5s | Ideal: 103.9s | Delta: -4.4s 🟢
  Uso #3 | Esperado ~240.1s | NÃO USADO ⛔
  Uso #4 | Esperado ~324.6s | NÃO USADO ⛔
  
  **Burning Rush** (Tipo: MINOR | Pres: 70%)
  Usos: 2 (coorte: 5.8)
  ------------------------------
  Uso #1 | Player: 30.8s | Ideal: 53.6s | Delta: -22.8s 🟡
  Uso #2 | Esperado ~71.5s | NÃO USADO ⛔
  Uso #3 | Esperado ~96.2s | NÃO USADO ⛔
  Uso #4 | Player: 101.8s | Ideal: 101.9s | Delta: -0.1s 🟢
  Uso #5 | Esperado ~104.9s | NÃO USADO ⛔
  Uso #6 | Esperado ~121.0s | NÃO USADO ⛔
  Uso #7 | Esperado ~147.6s | NÃO USADO ⛔
  Uso #8 | Esperado ~202.7s | NÃO USADO ⛔
  Uso #9 | Esperado ~220.8s | NÃO USADO ⛔
  
  **Soulburn** (Tipo: MINOR | Pres: 70%)
  Usos: 2 (coorte: 1.9)
  ------------------------------
  Uso #1 | Esperado ~101.6s | NÃO USADO ⛔
  Uso #2 | Esperado ~152.6s | NÃO USADO ⛔
  Uso #3 | Player: 229.7s | Ideal: 222.7s | Delta: +7.0s 🟢
  Uso #4 | Player: 339.8s | Ideal: 324.7s | Delta: +15.1s 🟡
  
  ==========================================
  '''
# ---
