# serializer version: 1
# name: test_new_pipeline_report_matches_golden_snapshot
  '''
  ==========================================
  GITGUD MAJOR CD ANALYSIS
  ==========================================
  **Player:** Zarad
  **Boss:** Fallen-King Salhadaar
  **Spec:** Demonology Warlock
  **DPS:** 108,297 (percentil: 57)
  **Referência:** 6 logs | DPS mediano: 173,657 | Duração: 4m45s - 6m00s
  **Coorte:** 6 logs | duração ±20% ✅
  ⚠️ peças de tier ±1 não pareado (amostra insuficiente)
  ⚠️ buffs externos não pareado (amostra insuficiente)
  ⚠️ ilvl ±5 não pareado (amostra insuficiente)
  ⚠️ talentos: mesma build não pareado (amostra insuficiente)
  ⚠️ Buffs de suporte não pareados — parte do gap de dano por cast pode não ser controlável por você.
  ⚠️ Amostra pequena (6 logs). Trate os desvios como indicativos, não conclusivos.
  ⚠️ Apenas 6 logs com duração próxima à sua (±12%) para comparar o timing dos cooldowns — os valores 'Ideal' têm confiança baixa.
  ==========================================
  
  💥 **DE ONDE VEIO O GAP DE DPS**
  ------------------------------------------
  Você: 108.3k DPS | Coorte (mediana): 173.7k DPS | Gap: -37.6%
  
  **Demonbolt** — Gap: +3.3pp | Volume: -0.0pp | Eficiência: +3.4pp | dano por cast abaixo — buffs de suporte não pareados, possivelmente não controlável (confiança baixa)
  **Spell #434506** — Gap: +2.7pp | Volume: 0.0pp | Eficiência: 0.0pp | volume e eficiência combinados
  **Shadow Bolt** — Gap: +1.8pp | Volume: 0.0pp | Eficiência: 0.0pp | volume e eficiência combinados
  (outras 27) 0.0pp
  
  💀 **MORTES E DOWNTIME**
  ------------------------------------------
  Mortes: 1 (coorte mediana: 0.0) ⚪ amostra insuficiente (n=10)
  Downtime: 8.2s (coorte mediana: 0.0s) ⚪ amostra insuficiente (n=10)
  
  🏃 **ACTIVE TIME**
  ------------------------------------------
  Tempo ativo: 99.8% (coorte mediana: 99.8%) ⚪ amostra insuficiente (n=10)
  
  🔰 **UPTIMES**
  ------------------------------------------
  **Devotion Aura**: 100.0% (coorte mediana: 99.4%) ⚪ amostra insuficiente (n=10)
  **Mark of the Wild**: 51.8% (coorte mediana: 100.0%) ⚪ amostra insuficiente (n=10)
  **Arcane Intellect**: 51.8% (coorte mediana: 100.0%) ⚪ amostra insuficiente (n=10)
  **Battle Shout**: 51.8% (coorte mediana: 100.0%) ⚪ amostra insuficiente (n=10)
  **Power Word: Fortitude**: 51.8% (coorte mediana: 100.0%) ⚪ amostra insuficiente (n=10)
  **Prayer of Mending**: 0.0% (coorte mediana: 4.4%) ⚪ amostra insuficiente (n=10)
  **Riptide**: 20.9% (coorte mediana: 14.4%) ⚪ amostra insuficiente (n=10)
  **Body and Soul**: 0.0% (coorte mediana: 1.8%) ⚪ amostra insuficiente (n=10)
  **Time Warp**: 0.0% (coorte mediana: 11.7%) ⚪ amostra insuficiente (n=10)
  **Temporal Displacement**: 0.0% (coorte mediana: 99.7%) ⚪ amostra insuficiente (n=10)
  **Unending Resolve**: 2.0% (coorte mediana: 2.7%) ⚪ amostra insuficiente (n=10)
  **Soul Leech**: 66.4% (coorte mediana: 52.8%) ⚪ amostra insuficiente (n=10)
  **Dark Pact**: 1.9% (coorte mediana: 3.4%) ⚪ amostra insuficiente (n=10)
  **Burning Rush**: 1.6% (coorte mediana: 3.7%) ⚪ amostra insuficiente (n=10)
  **Renewing Mist**: 47.6% (coorte mediana: 78.7%) ⚪ amostra insuficiente (n=10)
  **Enveloping Mist**: 15.4% (coorte mediana: 21.0%) ⚪ amostra insuficiente (n=10)
  **Demonic Core**: 57.7% (coorte mediana: 65.3%) ⚪ amostra insuficiente (n=10)
  **Summon Demonic Tyrant**: 34.8% (coorte mediana: 34.3%) ⚪ amostra insuficiente (n=10)
  **Blessing of the Bronze**: 0.0% (coorte mediana: 100.0%) ⚪ amostra insuficiente (n=10)
  **Earthliving Weapon**: 40.9% (coorte mediana: 33.2%) ⚪ amostra insuficiente (n=10)
  **Fel Armor**: 81.8% (coorte mediana: 85.7%) ⚪ amostra insuficiente (n=10)
  **Demonic Art: Overlord**: 11.5% (coorte mediana: 7.8%) ⚪ amostra insuficiente (n=10)
  **Diabolic Ritual: Overlord**: 27.5% (coorte mediana: 31.1%) ⚪ amostra insuficiente (n=10)
  **Demonic Art: Mother of Chaos**: 11.8% (coorte mediana: 8.5%) ⚪ amostra insuficiente (n=10)
  **Demonic Art: Pit Lord**: 4.9% (coorte mediana: 8.8%) ⚪ amostra insuficiente (n=10)
  **Diabolic Ritual: Mother of Chaos**: 24.7% (coorte mediana: 27.1%) ⚪ amostra insuficiente (n=10)
  **Diabolic Ritual: Pit Lord**: 22.2% (coorte mediana: 26.3%) ⚪ amostra insuficiente (n=10)
  **Ruination**: 5.8% (coorte mediana: 6.2%) ⚪ amostra insuficiente (n=10)
  **Infernal Bolt**: 16.2% (coorte mediana: 9.0%) ⚪ amostra insuficiente (n=10)
  **Strength of the Black Ox**: 0.5% (coorte mediana: 0.9%) ⚪ amostra insuficiente (n=10)
  **Abyssal Dominion**: 34.8% (coorte mediana: 34.3%) ⚪ amostra insuficiente (n=10)
  **Elemental Resistance**: 31.8% (coorte mediana: 37.4%) ⚪ amostra insuficiente (n=10)
  **Skyfury**: 51.8% (coorte mediana: 100.0%) ⚪ amostra insuficiente (n=10)
  **Arcanoweave Insight**: 69.1% (coorte mediana: 73.0%) ⚪ amostra insuficiente (n=10)
  **Flask of the Shattered Sun**: 100.0% (coorte mediana: 100.0%) ⚪ amostra insuficiente (n=10)
  **Light's Potential**: 16.0% (coorte mediana: 10.3%) ⚪ amostra insuficiente (n=10)
  **Might of the Void**: 61.0% (coorte mediana: 58.0%) ⚪ amostra insuficiente (n=10)
  **Farstrider's Step**: 0.0% (coorte mediana: 0.0%) ⚪ amostra insuficiente (n=10)
  **Torturous Extract**: 0.3% (coorte mediana: 0.2%) ⚪ amostra insuficiente (n=10)
  **Despotic Command**: 3.5% (coorte mediana: 8.4%) ⚪ amostra insuficiente (n=10)
  **Oppressive Darkness**: 0.7% (coorte mediana: 1.5%) ⚪ amostra insuficiente (n=10)
  **Emberwing Heatwave**: 13.0% (coorte mediana: 13.6%) ⚪ amostra insuficiente (n=10)
  **Twisting Obscurity**: 52.1% (coorte mediana: 60.5%) ⚪ amostra insuficiente (n=10)
  **Void Exposure**: 1.4% (coorte mediana: 0.1%) ⚪ amostra insuficiente (n=10)
  **Dark Radiation**: 27.6% (coorte mediana: 26.3%) ⚪ amostra insuficiente (n=10)
  **Soothing Mist**: 8.5% (coorte mediana: 7.5%) ⚪ amostra insuficiente (n=10)
  **Chi Cocoon**: 0.5% (coorte mediana: 1.2%) ⚪ amostra insuficiente (n=10)
  **Alnsight**: 52.6% (coorte mediana: 42.4%) ⚪ amostra insuficiente (n=10)
  **Alnscorned Essence**: 65.4% (coorte mediana: 62.0%) ⚪ amostra insuficiente (n=10)
  **Singular Focus**: 100.0% (coorte mediana: 100.0%) ⚪ amostra insuficiente (n=10)
  **Demonic Oculi**: 62.7% (coorte mediana: 58.0%) ⚪ amostra insuficiente (n=10)
  **Mind's Eyes**: 66.7% (coorte mediana: 74.8%) ⚪ amostra insuficiente (n=10)
  **Dominion of Argus**: 43.5% (coorte mediana: 43.0%) ⚪ amostra insuficiente (n=10)
  **Singe Magic**: 97.3% (coorte mediana: 97.0%) ⚪ amostra insuficiente (n=10)
  **Tyrant's Oblation**: 34.8% (coorte mediana: 34.3%) ⚪ amostra insuficiente (n=10)
  **Hellbent Commander**: 96.3% (coorte mediana: 98.2%) ⚪ amostra insuficiente (n=10)
  **Dominion of Argus: Lady Sacrolash**: 32.4% (coorte mediana: 19.5%) ⚪ amostra insuficiente (n=10)
  **Dominion of Argus: Grand Warlock Alythess**: 12.2% (coorte mediana: 18.8%) ⚪ amostra insuficiente (n=10)
  **Void-Touched Orbs**: 0.0% (coorte mediana: 11.5%) ⚪ amostra insuficiente (n=10)
  **Imp Lord**: 17.4% (coorte mediana: 17.6%) ⚪ amostra insuficiente (n=10)
  
  ♻️ **WASTE DE RECURSO**
  ------------------------------------------
  **Fragmentos de Alma**: 3 (coorte mediana: 0) ⚪ amostra insuficiente (n=10)
  
  ⛔ **USOS PERDIDOS**
  ------------------------------------------
  **Dark Pact**: 6 uso(s) perdido(s) — esperado(s) aos 1.1s, 51.3s, 100.0s, 2.3s, 34.2s, 96.0s
  **Implosion**: 5 uso(s) perdido(s) — esperado(s) aos 56.4s, 4.2s, 100.3s, 51.4s, 1.7s
  **Spell #434506**: 4 uso(s) perdido(s) — esperado(s) aos 88.1s, 93.7s, 87.3s, 78.6s
  **Spell #434635**: 5 uso(s) perdido(s) — esperado(s) aos 100.9s, 61.9s, 95.9s, 51.9s, 2.2s
  **Burning Rush**: 6 uso(s) perdido(s) — esperado(s) aos 5.6s, 84.7s, 3.4s, 8.7s, 31.0s, 94.6s
  **Unending Resolve**: 4 uso(s) perdido(s) — esperado(s) aos 33.0s, 6.4s, 36.7s, 3.7s
  **Grimoire: Imp Lord**: 1 uso(s) perdido(s) — esperado(s) aos 2.5s
  
  🔥 **OFFENSIVE MAJOR CDS**
  ------------------------------------------
  
  **Light's Potential** (Tipo: MAJOR | Pres: 100%)
  Usos: 2 (coorte: 1.5)
  ------------------------------
  Uso #1 | Player: 4.7s | Ideal: 3.5s (IC90: 2-5s) | Delta: +1.2s ⚪ amostra insuficiente (n=6)
  Uso #2 | Player: 76.0s | Ideal: 62.4s (IC90: 61-64s) | Delta: +13.6s ⚪ amostra insuficiente (n=3)
  
  **Unending Resolve** (Tipo: MAJOR | Pres: 80%)
  Usos: 1 (coorte: 1.0)
  ------------------------------
  Uso #1 | Esperado ~33.0s | NÃO USADO ⛔
  Uso #2 | Esperado ~6.4s | NÃO USADO ⛔
  Uso #3 | Player: 94.2s | Uso extra
  Uso #4 | Esperado ~36.7s | NÃO USADO ⛔
  Uso #5 | Esperado ~3.7s | NÃO USADO ⛔
  
  **Emberwing Heatwave** (Tipo: MAJOR | Pres: 80%)
  Usos: 3 (coorte: 2.9)
  ------------------------------
  Uso #1 | Player: 4.7s | Ideal: 3.9s (IC90: 1-6s) | Delta: +0.8s ⚪ amostra insuficiente (n=4)
  Uso #2 | Player: 9.0s | Ideal: 6.4s (IC90: 3-8s) | Delta: +2.6s ⚪ amostra insuficiente (n=4)
  Uso #3 | Player: 12.2s | Ideal: 6.7s (IC90: 3-11s) | Delta: +5.5s ⚪ amostra insuficiente (n=4)
  
  **Grimoire: Imp Lord** (Tipo: MAJOR | Pres: 80%)
  Usos: 2 (coorte: 3.0)
  ------------------------------
  Uso #1 | Esperado ~2.5s | NÃO USADO ⛔
  Uso #2 | Player: 3.7s | Ideal: 4.3s (IC90: 3-6s) | Delta: -0.6s ⚪ amostra insuficiente (n=5)
  Uso #3 | Player: 5.4s | Ideal: 5.6s (IC90: 3-6s) | Delta: -0.2s ⚪ amostra insuficiente (n=5)
  
  ⚡ **MINOR CDS / BURST UTILITIES**
  ------------------------------------------
  
  **Call Dreadstalkers** (Tipo: MINOR | Pres: 100%)
  Usos: 17 (coorte: 16.9)
  ------------------------------
  Uso #1 | Player: 1.3s | Ideal: 1.3s (IC90: 0-11s) | Delta: 0.0s ⚪ amostra insuficiente (n=6)
  Uso #2 | Player: 22.2s | Ideal: 21.9s (IC90: 21-31s) | Delta: +0.3s ⚪ amostra insuficiente (n=6)
  Uso #3 | Player: 43.1s | Ideal: 42.7s (IC90: 42-53s) | Delta: +0.4s ⚪ amostra insuficiente (n=6)
  Uso #4 | Player: 63.2s | Ideal: 63.2s (IC90: 62-73s) | Delta: +0.0s ⚪ amostra insuficiente (n=6)
  Uso #5 | Player: 83.7s | Ideal: 83.8s (IC90: 81-88s) | Delta: -0.1s ⚪ amostra insuficiente (n=5)
  Uso #6 | Player: 2.8s | Ideal: 1.9s (IC90: 1-5s) | Delta: +0.9s ⚪ amostra insuficiente (n=6)
  Uso #7 | Player: 6.3s | Ideal: 3.0s (IC90: 2-6s) | Delta: +3.2s ⚪ amostra insuficiente (n=6)
  Uso #8 | Player: 27.3s | Ideal: 24.1s (IC90: 23-27s) | Delta: +3.2s ⚪ amostra insuficiente (n=6)
  Uso #9 | Player: 47.7s | Ideal: 44.6s (IC90: 43-47s) | Delta: +3.1s ⚪ amostra insuficiente (n=6)
  Uso #10 | Player: 68.5s | Ideal: 65.2s (IC90: 63-67s) | Delta: +3.3s ⚪ amostra insuficiente (n=6)
  Uso #11 | Player: 89.8s | Ideal: 86.6s (IC90: 85-88s) | Delta: +3.2s ⚪ amostra insuficiente (n=6)
  Uso #12 | Player: 9.4s | Ideal: 4.2s (IC90: 3-6s) | Delta: +5.2s ⚪ amostra insuficiente (n=6)
  Uso #13 | Player: 9.5s | Ideal: 5.5s (IC90: 3-8s) | Delta: +4.0s ⚪ amostra insuficiente (n=6)
  Uso #14 | Player: 30.4s | Ideal: 26.6s (IC90: 24-28s) | Delta: +3.8s ⚪ amostra insuficiente (n=6)
  Uso #15 | Player: 50.4s | Ideal: 47.0s (IC90: 44-50s) | Delta: +3.4s ⚪ amostra insuficiente (n=6)
  Uso #16 | Player: 70.5s | Ideal: 67.9s (IC90: 65-70s) | Delta: +2.6s ⚪ amostra insuficiente (n=6)
  Uso #17 | Player: 91.1s | Ideal: 88.0s (IC90: 83-90s) | Delta: +3.1s ⚪ amostra insuficiente (n=5)
  
  **Dark Pact** (Tipo: MINOR | Pres: 100%)
  Usos: 2 (coorte: 3.1)
  ------------------------------
  Uso #1 | Player: 31.3s | Ideal: 51.2s (IC90: 34-79s) | Delta: -19.9s ⚪ amostra insuficiente (n=5)
  Uso #2 | Player: 99.5s | Uso extra
  Uso #3 | Esperado ~1.1s | NÃO USADO ⛔
  Uso #4 | Esperado ~51.3s | NÃO USADO ⛔
  Uso #5 | Esperado ~100.0s | NÃO USADO ⛔
  Uso #6 | Esperado ~2.3s | NÃO USADO ⛔
  Uso #7 | Esperado ~34.2s | NÃO USADO ⛔
  Uso #8 | Esperado ~96.0s | NÃO USADO ⛔
  
  **Implosion** (Tipo: MINOR | Pres: 100%)
  Usos: 17 (coorte: 19.8)
  ------------------------------
  Uso #1 | Player: 10.1s | Ideal: 7.2s (IC90: 6-9s) | Delta: +2.9s ⚪ amostra insuficiente (n=6)
  Uso #2 | Player: 27.6s | Ideal: 22.9s (IC90: 22-27s) | Delta: +4.7s ⚪ amostra insuficiente (n=6)
  Uso #3 | Player: 44.5s | Ideal: 40.9s (IC90: 39-45s) | Delta: +3.6s ⚪ amostra insuficiente (n=6)
  Uso #4 | Esperado ~56.4s | NÃO USADO ⛔
  Uso #5 | Player: 78.0s | Ideal: 73.5s (IC90: 72-86s) | Delta: +4.5s ⚪ amostra insuficiente (n=6)
  Uso #6 | Player: 94.3s | Ideal: 89.6s (IC90: 88-90s) | Delta: +4.7s ⚪ amostra insuficiente (n=4)
  Uso #7 | Esperado ~4.2s | NÃO USADO ⛔
  Uso #8 | Player: 19.6s | Ideal: 18.4s (IC90: 17-19s) | Delta: +1.2s ⚪ amostra insuficiente (n=3)
  Uso #9 | Player: 15.7s | Ideal: 17.8s (IC90: 10-20s) | Delta: -2.1s ⚪ amostra insuficiente (n=6)
  Uso #10 | Player: 31.3s | Ideal: 33.8s (IC90: 26-38s) | Delta: -2.4s ⚪ amostra insuficiente (n=6)
  Uso #11 | Player: 54.1s | Ideal: 50.4s (IC90: 43-59s) | Delta: +3.7s ⚪ amostra insuficiente (n=6)
  Uso #12 | Player: 78.4s | Ideal: 68.9s (IC90: 66-75s) | Delta: +9.5s ⚪ amostra insuficiente (n=6)
  Uso #13 | Player: 93.8s | Ideal: 88.2s (IC90: 81-95s) | Delta: +5.6s ⚪ amostra insuficiente (n=6)
  Uso #14 | Esperado ~100.3s | NÃO USADO ⛔
  Uso #15 | Player: 10.7s | Ideal: 12.6s (IC90: 10-14s) | Delta: -1.9s ⚪ amostra insuficiente (n=6)
  Uso #16 | Player: 16.8s | Ideal: 15.6s (IC90: 8-18s) | Delta: +1.2s ⚪ amostra insuficiente (n=6)
  Uso #17 | Player: 36.9s | Ideal: 33.5s (IC90: 25-36s) | Delta: +3.4s ⚪ amostra insuficiente (n=6)
  Uso #18 | Esperado ~51.4s | NÃO USADO ⛔
  Uso #19 | Player: 61.1s | Ideal: 66.6s (IC90: 60-74s) | Delta: -5.5s ⚪ amostra insuficiente (n=6)
  Uso #20 | Player: 79.5s | Ideal: 80.4s (IC90: 71-86s) | Delta: -0.9s ⚪ amostra insuficiente (n=5)
  Uso #21 | Player: 98.9s | Ideal: 92.2s (IC90: 87-98s) | Delta: +6.7s ⚪ amostra insuficiente (n=2)
  Uso #22 | Esperado ~1.7s | NÃO USADO ⛔
  
  **Summon Demonic Tyrant** (Tipo: MINOR | Pres: 100%)
  Usos: 6 (coorte: 6.0)
  ------------------------------
  Uso #1 | Player: 3.6s | Ideal: 3.2s (IC90: 2-5s) | Delta: +0.4s ⚪ amostra insuficiente (n=6)
  Uso #2 | Player: 65.9s | Ideal: 65.2s (IC90: 64-68s) | Delta: +0.8s ⚪ amostra insuficiente (n=6)
  Uso #3 | Player: 9.0s | Ideal: 6.8s (IC90: 4-9s) | Delta: +2.2s ⚪ amostra insuficiente (n=6)
  Uso #4 | Player: 71.1s | Ideal: 68.3s (IC90: 66-71s) | Delta: +2.8s ⚪ amostra insuficiente (n=6)
  Uso #5 | Player: 12.2s | Ideal: 8.6s (IC90: 6-11s) | Delta: +3.6s ⚪ amostra insuficiente (n=6)
  Uso #6 | Player: 74.5s | Ideal: 70.7s (IC90: 68-72s) | Delta: +3.8s ⚪ amostra insuficiente (n=6)
  
  **Spell #434506** (Tipo: MINOR | Pres: 100%)
  Usos: 8 (coorte: 9.1)
  ------------------------------
  Uso #1 | Player: 26.2s | Ideal: 23.2s (IC90: 15-25s) | Delta: +2.9s ⚪ amostra insuficiente (n=6)
  Uso #2 | Player: 74.1s | Ideal: 60.5s (IC90: 43-64s) | Delta: +13.6s ⚪ amostra insuficiente (n=6)
  Uso #3 | Esperado ~88.1s | NÃO USADO ⛔
  Uso #4 | Esperado ~93.7s | NÃO USADO ⛔
  Uso #5 | Player: 13.4s | Uso extra
  Uso #6 | Player: 17.9s | Ideal: 12.9s (IC90: 10-16s) | Delta: +4.9s ⚪ amostra insuficiente (n=6)
  Uso #7 | Player: 68.1s | Ideal: 49.9s (IC90: 42-57s) | Delta: +18.2s ⚪ amostra insuficiente (n=6)
  Uso #8 | Esperado ~87.3s | NÃO USADO ⛔
  Uso #9 | Player: 2.7s | Ideal: 6.4s (IC90: 6-6s) | Delta: -3.7s ⚪ amostra insuficiente (n=1)
  Uso #10 | Player: 23.5s | Ideal: 12.3s (IC90: 3-17s) | Delta: +11.2s ⚪ amostra insuficiente (n=6)
  Uso #11 | Player: 55.8s | Ideal: 42.2s (IC90: 35-50s) | Delta: +13.5s ⚪ amostra insuficiente (n=6)
  Uso #12 | Esperado ~78.6s | NÃO USADO ⛔
  
  **Spell #434635** (Tipo: MINOR | Pres: 100%)
  Usos: 7 (coorte: 9.0)
  ------------------------------
  Uso #1 | Player: 36.4s | Ideal: 30.8s (IC90: 29-34s) | Delta: +5.6s ⚪ amostra insuficiente (n=6)
  Uso #2 | Player: 76.8s | Ideal: 72.9s (IC90: 71-75s) | Delta: +3.9s ⚪ amostra insuficiente (n=6)
  Uso #3 | Esperado ~100.9s | NÃO USADO ⛔
  Uso #4 | Player: 14.8s | Ideal: 7.5s (IC90: 3-10s) | Delta: +7.3s ⚪ amostra insuficiente (n=5)
  Uso #5 | Player: 29.8s | Ideal: 21.1s (IC90: 19-25s) | Delta: +8.7s ⚪ amostra insuficiente (n=6)
  Uso #6 | Esperado ~61.9s | NÃO USADO ⛔
  Uso #7 | Esperado ~95.9s | NÃO USADO ⛔
  Uso #8 | Player: 17.3s | Ideal: 2.3s (IC90: 1-3s) | Delta: +15.0s ⚪ amostra insuficiente (n=2)
  Uso #9 | Player: 30.4s | Ideal: 17.7s (IC90: 9-19s) | Delta: +12.7s ⚪ amostra insuficiente (n=6)
  Uso #10 | Esperado ~51.9s | NÃO USADO ⛔
  Uso #11 | Player: 69.0s | Ideal: 84.9s (IC90: 67-89s) | Delta: -15.9s ⚪ amostra insuficiente (n=5)
  Uso #12 | Esperado ~2.2s | NÃO USADO ⛔
  
  **Burning Rush** (Tipo: MINOR | Pres: 90%)
  Usos: 2 (coorte: 3.4)
  ------------------------------
  Uso #1 | Player: 30.8s | Ideal: 32.5s (IC90: 31-80s) | Delta: -1.7s ⚪ amostra insuficiente (n=3)
  Uso #2 | Player: 101.8s | Ideal: 96.1s (IC90: 96-96s) | Delta: +5.7s ⚪ amostra insuficiente (n=1)
  Uso #3 | Esperado ~5.6s | NÃO USADO ⛔
  Uso #4 | Esperado ~84.7s | NÃO USADO ⛔
  Uso #5 | Esperado ~3.4s | NÃO USADO ⛔
  Uso #6 | Esperado ~8.7s | NÃO USADO ⛔
  Uso #7 | Esperado ~31.0s | NÃO USADO ⛔
  Uso #8 | Esperado ~94.6s | NÃO USADO ⛔
  
  ==========================================
  '''
# ---
