# serializer version: 1
# name: test_new_pipeline_report_matches_golden_snapshot
  '''
  ==========================================
  GITGUD MAJOR CD ANALYSIS
  ==========================================
  **Player:** Zarad
  **Boss:** Fallen-King Salhadaar
  **Spec:** Demonology Warlock
  **DPS WCL:** 108,297 (percentil: 57.2)
  **Referência:** 0 logs | DPS medido mediano: n/d | Duração: 5m45s - 5m45s
  Comparação medida: NO_REFERENCES
  **Coorte pareada:** 0 logs | duração ±20% ✅
  ⚠️ peças de tier ±1 não pareado (amostra insuficiente)
  ⚠️ buffs externos não pareado (amostra insuficiente)
  ⚠️ ilvl ±5 não pareado (amostra insuficiente)
  ==========================================
  
  🎯 **TOP 3 PRIORIDADES**
  ------------------------------------------
  Habilidades ordenadas por déficit observado; outras prioridades têm impacto não quantificado.
  Não há dados suficientes para definir prioridades confiáveis nesta luta.
  
  💥 **DE ONDE VEIO O GAP DE DPS**
  ------------------------------------------
  Você: 108.3k DPS | NO_REFERENCES
  Comparação indisponível (N=0; mínimo=8).
  
  ==========================================
  '''
# ---
